// Jest Snapshot v1, https://goo.gl/fbAQLP

exports[`KeyboardAware check snapShot should match snapshot 1`] = `
<AnimatedComponent
  style={
    Array [
      Object {
        "flex": 1,
      },
      Object {
        "paddingBottom": 0,
      },
      Object {},
    ]
  }
/>
`;
