// Jest Snapshot v1, https://goo.gl/fbAQLP

exports[`LineBreak check snapShot should match snapshot 1`] = `
<View
  style={
    Array [
      Object {
        "borderBottomColor": "#46586b",
        "borderBottomWidth": 1,
        "opacity": 0.5,
      },
      Object {},
    ]
  }
/>
`;
